// Vitest Snapshot v1, https://vitest.dev/guide/snapshot.html

exports[`test card component > match snapshot 1`] = `
<div>
  <div
    class="card"
    data-testid="card"
  >
    <div>
      <img
        height="96px"
        width="96px"
      />
    </div>
    <p />
  </div>
</div>
`;
